==============================================================================
VALIDATING 5-CLIENT CAMPAIGN
==============================================================================
no_signature            updates=1500/1500  eval=310/310  PASS
RSA-2048                updates=1500/1500  eval=310/310  PASS
ECDSA-256               updates=1500/1500  eval=310/310  PASS
ML-DSA-44               updates=1500/1500  eval=310/310  PASS
ML-DSA-65               updates=1500/1500  eval=310/310  PASS
ML-DSA-87               updates=1500/1500  eval=310/310  PASS
Falcon-padded-512       updates=1500/1500  eval=310/310  PASS
SLH-DSA-SHA2-128s       updates=1500/1500  eval=310/310  PASS

DATASET VALIDATION: PASS
MATCHED ROUND-0 MODELS: PASS

==============================================================================
5-CLIENT FINAL SUMMARY
==============================================================================

Security-wrapper cost, mean ± SD across run-level means:
  no_signature                0.0000 ±   0.0000 ms
  RSA-2048                   77.6026 ±   3.2072 ms
  ECDSA-256                  16.0464 ±   0.1913 ms
  ML-DSA-44                  17.5427 ±   0.2380 ms
  ML-DSA-65                  17.5560 ±   0.0635 ms
  ML-DSA-87                  17.6687 ±   0.0802 ms
  Falcon-padded-512          26.2083 ±   0.3100 ms
  SLH-DSA-SHA2-128s         786.0104 ±  11.2292 ms

Cryptographic metadata:
  RSA-2048                  550.000 B  0.022158%
  ECDSA-256                 161.965 B  0.006525%
  ML-DSA-44                3732.000 B  0.150353%
  ML-DSA-65                5261.000 B  0.211953%
  ML-DSA-87                7219.000 B  0.290836%
  Falcon-padded-512        1563.000 B  0.062970%
  SLH-DSA-SHA2-128s        7888.000 B  0.317789%

Final accuracy, mean ± SD:
  no_signature            0.722500 ± 0.007045
  RSA-2048                0.723420 ± 0.005060
  ECDSA-256               0.721070 ± 0.005216
  ML-DSA-44               0.721330 ± 0.006525
  ML-DSA-65               0.721510 ± 0.004775
  ML-DSA-87               0.721570 ± 0.006241
  Falcon-padded-512       0.721930 ± 0.005279
  SLH-DSA-SHA2-128s       0.721180 ± 0.003966

Friedman final accuracy:
  chi-square = 4.73333333
  df         = 7
  p          = 0.69246805
  Kendall W  = 0.06761905

Outputs written to: analysis/results/5clients

ANALYSIS COMPLETE
